---- 2026-08-31 01:44:44 rc=0 python tests/run-realism-sharded.py --shards 24 --workers 5
01:01:02 start: 24 shards to run, 5 workers, out=C:\Users\BL\_simfix\.realism-shards
01:01:02 launched shard 0 (pid 50620)
01:01:03 launched shard 1 (pid 44132)
01:01:04 launched shard 2 (pid 10716)
01:01:04 launched shard 3 (pid 35488)
01:01:05 launched shard 4 (pid 50656)
01:07:22 shard 4 done in 376s
01:07:22 launched shard 5 (pid 31336)
01:07:27 shard 2 done in 383s
01:07:27 shard 3 done in 383s
01:07:28 launched shard 6 (pid 5892)
01:07:29 launched shard 7 (pid 24652)
01:07:34 shard 1 done in 391s
01:07:35 launched shard 8 (pid 44828)
01:07:45 shard 0 done in 402s
01:07:46 launched shard 9 (pid 42416)
01:14:17 shard 5 done in 414s
01:14:17 shard 6 done in 408s
01:14:18 launched shard 10 (pid 42120)
01:14:19 launched shard 11 (pid 31844)
01:14:24 shard 7 done in 414s
01:14:25 launched shard 12 (pid 35816)
01:14:30 shard 8 done in 414s
01:14:30 launched shard 13 (pid 43068)
01:14:40 shard 9 done in 414s
01:14:41 launched shard 14 (pid 51536)
01:22:43 shard 10 done in 504s
01:22:44 launched shard 15 (pid 41280)
01:22:49 shard 11 done in 510s
01:22:50 launched shard 16 (pid 38460)
01:22:55 shard 12 done in 510s
01:22:56 launched shard 17 (pid 35592)
01:23:11 shard 13 done in 520s
01:23:12 launched shard 18 (pid 42824)
01:23:17 shard 14 done in 515s
01:23:18 launched shard 19 (pid 44840)
01:33:19 shard 15 done in 635s
01:33:19 shard 16 done in 629s
01:33:20 launched shard 20 (pid 33112)
01:33:21 launched shard 21 (pid 31512)
01:33:26 shard 17 done in 629s
01:33:27 launched shard 22 (pid 50016)
01:33:37 shard 18 done in 624s
01:33:38 launched shard 23 (pid 39848)
01:33:43 shard 19 done in 624s
01:44:14 shard 21 done in 652s
01:44:29 shard 20 done in 668s
01:44:34 shard 22 done in 666s
01:44:44 shard 23 done in 666s
01:44:44 all shards finished in 2622s; failures=none
