---- Sun 08/23/2026 14:35:37.35 
Successfully rebased and updated refs/heads/mlb-research-hub.
^C---- Sun 08/23/2026 14:37:17.53 
Current branch mlb-research-hub is up to date.
build_mlb_matchup_pages: dates 2026-08-22, 2026-08-23, 2026-08-24 (today=2026-08-23)
  2026-08-22  15 games on the MLB schedule
  2026-08-23  15 games on the MLB schedule
  2026-08-24  10 games on the MLB schedule

  wrote 44 files (0 new URLs), 1 unchanged.
  ok    mlb-simulator/index.html
  ok    mlb-season-simulator/index.html
  ok    mlb-game-simulator/index.html
  ok    mlb-predictions-simulator/index.html
  ok    mlb-playoff-simulator/index.html
  ok    matchups/mlb/index.html
  ok    matchup-of-the-day/index.html
  ok    trendspotter/index.html
  ok    betlegend-pro/index.html
  ok    mlb-handicappers/index.html
  ok    mlb-pick-tracker/index.html
  ok    tools/index.html
  ok    today/index.html
  ok    handicapping/index.html
  every MLB cross-link is already in place.

/handicapping/mlb/ hub
  ok    hub is self-canonical
  ok    hub is indexable (index, follow, max-image-preview:large, max-snippet:-1)
  ok    hub title: MLB Matchups Today: Odds, Probable Pitchers &amp; Stats
  ok    hub meta description present (241 chars)
  ok    hub has exactly one h1

server rendered slate
  ok    slate block is 12675 bytes of baked HTML
  ok    slate block renders 6585 chars of readable text
  ok    slate block links 15 matchup pages with plain anchors
  ok    every matchup link in the slate block resolves to a real page
  ok    slate block links every MLB research surface

hub structured data
  ok    hub ItemList carries 15 SportsEvent entries
  ok    every ItemList entry names both clubs
  ok    hub JSON-LD claims no rating, review or prediction

matchup pages
  ok    40 matchup slugs all match the permanent contract
  ok    40 distinct canonicals, no duplicates
  ok    every matchup page carries real baked content
  ok    every matchup page links back to the hub
  ok    every matchup page has a valid SportsEvent graph naming both clubs
  ok    every matchup page reports to analytics
  ok    every matchup page has exactly one h1
  ok    every matchup page title renders whole in a result

daily views
  ok    /handicapping/mlb/probable-pitchers/ is self-canonical with 6371 chars of content
  ok    /handicapping/mlb/odds/ is self-canonical with 2651 chars of content
  ok    /handicapping/mlb/trends/ is self-canonical with 14055 chars of content

analytics wiring
  ok    the hub loads tmr-mlb-analytics.js
  ok    the hub declares its analytics surface

ALL MLB MATCHUP PAGE CHECKS PASSED
robots.txt
  ok    Allow: /
  ok    names the sitemap
  ok    no unexpected Disallow

sitemap.xml
  ok    328 URLs
  ok    correct namespace
  ok    no duplicates, all absolute canonical-host URLs

sitemap URLs are indexable
  ok    checked 328 sitemap URLs for 200/noindex/refresh/canonical/title/h1

alias redirect stubs
  ok    33 stubs: none in sitemap, each self-consistent, none noindex

noindex allowlist
  ok    no noindex outside the 6 allowlisted private pages

/u/ profile pages
  ok    118 profiles: index,follow + self-canonical + ProfilePage + baked stats

/u/ edge fallback template
  ok    u-fallback template: 30 placeholders, index,follow + self-canonical + ProfilePage + baked stats + hydrate
  ok    worker wiring: /u/ handler + template path + placeholder substitution present

/matchups/ Game Files
  ok    superseded Game File canonicals to its replacement: https://trustmyrecord.com/matchups/mlb/mets-vs-braves-g1000/
  ok    1 Game File(s): permanent slug + self-canonical + Article/Breadcrumb schema + baked body

internal link integrity
  ok    14894 internal links checked

forum thread URL construction
  ok    82 referenced JS bundles checked for slugless thread URLs

ALL SEO INDEXABILITY CHECKS PASSED
